2026-05-09 12:51:06,774 - src.utils - INFO - Starting pipeline: mode=debug, model=cnn
2026-05-09 12:51:06,777 - src.data_loader - INFO - Loading training data from c:\Users\kone2\Documents\CompetitionWorkSpace\Compete\KaggleProjects\CV\MNIST\data\raw\train.csv
2026-05-09 12:51:15,911 - src.data_loader - INFO - Train shape: (42000, 785)
2026-05-09 12:51:15,912 - src.data_loader - INFO - Loading test data from c:\Users\kone2\Documents\CompetitionWorkSpace\Compete\KaggleProjects\CV\MNIST\data\raw\test.csv
2026-05-09 12:51:21,638 - src.data_loader - INFO - Test shape: (28000, 784)
2026-05-09 12:51:21,756 - src.utils - INFO - Model: cnn, Parameters: 1,677,674
2026-05-09 12:51:21,793 - src.training.trainer - INFO - 
Training Fold 1/3
2026-05-09 12:51:21,794 - src.training.trainer - INFO - Model: cnn, Device: cpu
2026-05-09 12:51:21,794 - src.training.trainer - INFO - Epochs: 20, LR: 0.001
2026-05-09 12:52:54,524 - src.training.trainer - INFO - Epoch 1/20 | Train Loss: 1.9064, Train Acc: 31.53% | Val Loss: 2.2086, Val Acc: 9.58% | Time: 92.7s
2026-05-09 12:52:54,531 - src.training.trainer - INFO -   -> New best model! Val Acc: 9.58%
2026-05-09 12:54:52,249 - src.training.trainer - INFO - Epoch 2/20 | Train Loss: 1.2926, Train Acc: 56.01% | Val Loss: 2.0037, Val Acc: 12.87% | Time: 117.7s
2026-05-09 12:54:52,254 - src.training.trainer - INFO -   -> New best model! Val Acc: 12.87%
2026-05-09 12:57:12,318 - src.training.trainer - INFO - Epoch 3/20 | Train Loss: 1.0285, Train Acc: 66.07% | Val Loss: 1.1791, Val Acc: 63.47% | Time: 140.1s
2026-05-09 12:57:12,324 - src.training.trainer - INFO -   -> New best model! Val Acc: 63.47%
2026-05-09 12:59:37,288 - src.training.trainer - INFO - Epoch 4/20 | Train Loss: 0.9498, Train Acc: 71.02% | Val Loss: 0.6859, Val Acc: 77.25% | Time: 145.0s
2026-05-09 12:59:37,299 - src.training.trainer - INFO -   -> New best model! Val Acc: 77.25%
2026-05-09 13:01:43,743 - src.training.trainer - INFO - Epoch 5/20 | Train Loss: 0.8361, Train Acc: 77.18% | Val Loss: 0.4461, Val Acc: 87.72% | Time: 126.4s
2026-05-09 13:01:43,793 - src.training.trainer - INFO -   -> New best model! Val Acc: 87.72%
2026-05-09 13:03:36,429 - src.training.trainer - INFO - Epoch 6/20 | Train Loss: 0.6752, Train Acc: 79.58% | Val Loss: 0.3242, Val Acc: 91.62% | Time: 112.6s
2026-05-09 13:03:36,434 - src.training.trainer - INFO -   -> New best model! Val Acc: 91.62%
2026-05-09 13:05:14,038 - src.training.trainer - INFO - Epoch 7/20 | Train Loss: 0.6434, Train Acc: 83.18% | Val Loss: 0.2683, Val Acc: 92.22% | Time: 97.6s
2026-05-09 13:05:14,049 - src.training.trainer - INFO -   -> New best model! Val Acc: 92.22%
2026-05-09 13:06:55,176 - src.training.trainer - INFO - Epoch 8/20 | Train Loss: 0.6034, Train Acc: 82.28% | Val Loss: 0.2376, Val Acc: 93.11% | Time: 101.1s
2026-05-09 13:06:55,185 - src.training.trainer - INFO -   -> New best model! Val Acc: 93.11%
2026-05-09 13:08:38,707 - src.training.trainer - INFO - Epoch 9/20 | Train Loss: 0.5416, Train Acc: 85.89% | Val Loss: 0.2152, Val Acc: 94.61% | Time: 103.5s
2026-05-09 13:08:38,715 - src.training.trainer - INFO -   -> New best model! Val Acc: 94.61%
2026-05-09 13:10:19,162 - src.training.trainer - INFO - Epoch 10/20 | Train Loss: 0.4895, Train Acc: 86.94% | Val Loss: 0.1846, Val Acc: 95.21% | Time: 100.4s
2026-05-09 13:10:19,166 - src.training.trainer - INFO -   -> New best model! Val Acc: 95.21%
